Archive member included to satisfy reference by file (symbol)

C:/ST/STM32CubeIDE_1.13.2/STM32CubeIDE/plugins/com.st.stm32cube.ide.mcu.externaltools.gnu-tools-for-stm32.11.3.rel1.win32_1.1.1.202309131626/tools/bin/../lib/gcc/arm-none-eabi/11.3.1/../../../../arm-none-eabi/lib/thumb/v7e-m+fp/hard\libc_nano.a(libc_a-exit.o)
                              C:/ST/STM32CubeIDE_1.13.2/STM32CubeIDE/plugins/com.st.stm32cube.ide.mcu.externaltools.gnu-tools-for-stm32.11.3.rel1.win32_1.1.1.202309131626/tools/bin/../lib/gcc/arm-none-eabi/11.3.1/../../../../arm-none-eabi/lib/thumb/v7e-m+fp/hard/crt0.o (exit)
C:/ST/STM32CubeIDE_1.13.2/STM32CubeIDE/plugins/com.st.stm32cube.ide.mcu.externaltools.gnu-tools-for-stm32.11.3.rel1.win32_1.1.1.202309131626/tools/bin/../lib/gcc/arm-none-eabi/11.3.1/../../../../arm-none-eabi/lib/thumb/v7e-m+fp/hard\libc_nano.a(libc_a-findfp.o)
                              C:/ST/STM32CubeIDE_1.13.2/STM32CubeIDE/plugins/com.st.stm32cube.ide.mcu.externaltools.gnu-tools-for-stm32.11.3.rel1.win32_1.1.1.202309131626/tools/bin/../lib/gcc/arm-none-eabi/11.3.1/../../../../arm-none-eabi/lib/thumb/v7e-m+fp/hard\libc_nano.a(libc_a-exit.o) (__stdio_exit_handler)
C:/ST/STM32CubeIDE_1.13.2/STM32CubeIDE/plugins/com.st.stm32cube.ide.mcu.externaltools.gnu-tools-for-stm32.11.3.rel1.win32_1.1.1.202309131626/tools/bin/../lib/gcc/arm-none-eabi/11.3.1/../../../../arm-none-eabi/lib/thumb/v7e-m+fp/hard\libc_nano.a(libc_a-fwalk.o)
                              C:/ST/STM32CubeIDE_1.13.2/STM32CubeIDE/plugins/com.st.stm32cube.ide.mcu.externaltools.gnu-tools-for-stm32.11.3.rel1.win32_1.1.1.202309131626/tools/bin/../lib/gcc/arm-none-eabi/11.3.1/../../../../arm-none-eabi/lib/thumb/v7e-m+fp/hard\libc_nano.a(libc_a-findfp.o) (_fwalk_sglue)
C:/ST/STM32CubeIDE_1.13.2/STM32CubeIDE/plugins/com.st.stm32cube.ide.mcu.externaltools.gnu-tools-for-stm32.11.3.rel1.win32_1.1.1.202309131626/tools/bin/../lib/gcc/arm-none-eabi/11.3.1/../../../../arm-none-eabi/lib/thumb/v7e-m+fp/hard\libc_nano.a(libc_a-stdio.o)
                              C:/ST/STM32CubeIDE_1.13.2/STM32CubeIDE/plugins/com.st.stm32cube.ide.mcu.externaltools.gnu-tools-for-stm32.11.3.rel1.win32_1.1.1.202309131626/tools/bin/../lib/gcc/arm-none-eabi/11.3.1/../../../../arm-none-eabi/lib/thumb/v7e-m+fp/hard\libc_nano.a(libc_a-findfp.o) (__sread)
C:/ST/STM32CubeIDE_1.13.2/STM32CubeIDE/plugins/com.st.stm32cube.ide.mcu.externaltools.gnu-tools-for-stm32.11.3.rel1.win32_1.1.1.202309131626/tools/bin/../lib/gcc/arm-none-eabi/11.3.1/../../../../arm-none-eabi/lib/thumb/v7e-m+fp/hard\libc_nano.a(libc_a-memset.o)
                              C:/ST/STM32CubeIDE_1.13.2/STM32CubeIDE/plugins/com.st.stm32cube.ide.mcu.externaltools.gnu-tools-for-stm32.11.3.rel1.win32_1.1.1.202309131626/tools/bin/../lib/gcc/arm-none-eabi/11.3.1/../../../../arm-none-eabi/lib/thumb/v7e-m+fp/hard/crt0.o (memset)
C:/ST/STM32CubeIDE_1.13.2/STM32CubeIDE/plugins/com.st.stm32cube.ide.mcu.externaltools.gnu-tools-for-stm32.11.3.rel1.win32_1.1.1.202309131626/tools/bin/../lib/gcc/arm-none-eabi/11.3.1/../../../../arm-none-eabi/lib/thumb/v7e-m+fp/hard\libc_nano.a(libc_a-closer.o)
                              C:/ST/STM32CubeIDE_1.13.2/STM32CubeIDE/plugins/com.st.stm32cube.ide.mcu.externaltools.gnu-tools-for-stm32.11.3.rel1.win32_1.1.1.202309131626/tools/bin/../lib/gcc/arm-none-eabi/11.3.1/../../../../arm-none-eabi/lib/thumb/v7e-m+fp/hard\libc_nano.a(libc_a-stdio.o) (_close_r)
C:/ST/STM32CubeIDE_1.13.2/STM32CubeIDE/plugins/com.st.stm32cube.ide.mcu.externaltools.gnu-tools-for-stm32.11.3.rel1.win32_1.1.1.202309131626/tools/bin/../lib/gcc/arm-none-eabi/11.3.1/../../../../arm-none-eabi/lib/thumb/v7e-m+fp/hard\libc_nano.a(libc_a-reent.o)
                              C:/ST/STM32CubeIDE_1.13.2/STM32CubeIDE/plugins/com.st.stm32cube.ide.mcu.externaltools.gnu-tools-for-stm32.11.3.rel1.win32_1.1.1.202309131626/tools/bin/../lib/gcc/arm-none-eabi/11.3.1/../../../../arm-none-eabi/lib/thumb/v7e-m+fp/hard\libc_nano.a(libc_a-closer.o) (errno)
C:/ST/STM32CubeIDE_1.13.2/STM32CubeIDE/plugins/com.st.stm32cube.ide.mcu.externaltools.gnu-tools-for-stm32.11.3.rel1.win32_1.1.1.202309131626/tools/bin/../lib/gcc/arm-none-eabi/11.3.1/../../../../arm-none-eabi/lib/thumb/v7e-m+fp/hard\libc_nano.a(libc_a-impure.o)
                              C:/ST/STM32CubeIDE_1.13.2/STM32CubeIDE/plugins/com.st.stm32cube.ide.mcu.externaltools.gnu-tools-for-stm32.11.3.rel1.win32_1.1.1.202309131626/tools/bin/../lib/gcc/arm-none-eabi/11.3.1/../../../../arm-none-eabi/lib/thumb/v7e-m+fp/hard\libc_nano.a(libc_a-reent.o) (_impure_ptr)
C:/ST/STM32CubeIDE_1.13.2/STM32CubeIDE/plugins/com.st.stm32cube.ide.mcu.externaltools.gnu-tools-for-stm32.11.3.rel1.win32_1.1.1.202309131626/tools/bin/../lib/gcc/arm-none-eabi/11.3.1/../../../../arm-none-eabi/lib/thumb/v7e-m+fp/hard\libc_nano.a(libc_a-lseekr.o)
[...]
Memory Configuration

Name             Origin             Length             Attributes
CCMRAM           0x0000000010000000 0x0000000000001000 xrw
RAM              0x0000000020000000 0x0000000000003000 xrw
FLASH            0x0000000008000000 0x0000000000010000 xr
*default*        0x0000000000000000 0xffffffffffffffff

Linker script and memory map

LOAD C:/ST/STM32CubeIDE_1.13.2/STM32CubeIDE/plugins/com.st.stm32cube.ide.mcu.externaltools.gnu-tools-for-stm32.11.3.rel1.win32_1.1.1.202309131626/tools/bin/../lib/gcc/arm-none-eabi/11.3.1/thumb/v7e-m+fp/hard/crti.o
LOAD C:/ST/STM32CubeIDE_1.13.2/STM32CubeIDE/plugins/com.st.stm32cube.ide.mcu.externaltools.gnu-tools-for-stm32.11.3.rel1.win32_1.1.1.202309131626/tools/bin/../lib/gcc/arm-none-eabi/11.3.1/thumb/v7e-m+fp/hard/crtbegin.o
LOAD C:/ST/STM32CubeIDE_1.13.2/STM32CubeIDE/plugins/com.st.stm32cube.ide.mcu.externaltools.gnu-tools-for-stm32.11.3.rel1.win32_1.1.1.202309131626/tools/bin/../lib/gcc/arm-none-eabi/11.3.1/../../../../arm-none-eabi/lib/thumb/v7e-m+fp/hard/crt0.o
LOAD ./Core/Src/dma.o
LOAD ./Core/Src/gpio.o
LOAD ./Core/Src/i2c.o
LOAD ./Core/Src/lsm6ds0.o
LOAD ./Core/Src/main.o
LOAD ./Core/Src/stm32f3xx_it.o
LOAD ./Core/Src/syscalls.o
LOAD ./Core/Src/sysmem.o
LOAD ./Core/Src/system_stm32f3xx.o
LOAD ./Core/Src/usart.o
LOAD ./Core/Startup/startup_stm32f303k8tx.o
LOAD ./Drivers/STM32F3xx_HAL_Driver/Src/stm32f3xx_ll_dma.o
LOAD ./Drivers/STM32F3xx_HAL_Driver/Src/stm32f3xx_ll_exti.o
LOAD ./Drivers/STM32F3xx_HAL_Driver/Src/stm32f3xx_ll_gpio.o
LOAD ./Drivers/STM32F3xx_HAL_Driver/Src/stm32f3xx_ll_i2c.o
LOAD ./Drivers/STM32F3xx_HAL_Driver/Src/stm32f3xx_ll_rcc.o
LOAD ./Drivers/STM32F3xx_HAL_Driver/Src/stm32f3xx_ll_usart.o
LOAD ./Drivers/STM32F3xx_HAL_Driver/Src/stm32f3xx_ll_utils.o
LOAD ./HTS221/hts221.o
LOAD ./LPS25HB/lps25hb.o
START GROUP
LOAD C:/ST/STM32CubeIDE_1.13.2/STM32CubeIDE/plugins/com.st.stm32cube.ide.mcu.externaltools.gnu-tools-for-stm32.11.3.rel1.win32_1.1.1.202309131626/tools/bin/../lib/gcc/arm-none-eabi/11.3.1/../../../../arm-none-eabi/lib/thumb/v7e-m+fp/hard\libc_nano.a
LOAD C:/ST/STM32CubeIDE_1.13.2/STM32CubeIDE/plugins/com.st.stm32cube.ide.mcu.externaltools.gnu-tools-for-stm32.11.3.rel1.win32_1.1.1.202309131626/tools/bin/../lib/gcc/arm-none-eabi/11.3.1/../../../../arm-none-eabi/lib/thumb/v7e-m+fp/hard\libm.a
END GROUP
START GROUP
LOAD C:/ST/STM32CubeIDE_1.13.2/STM32CubeIDE/plugins/com.st.stm32cube.ide.mcu.externaltools.gnu-tools-for-stm32.11.3.rel1.win32_1.1.1.202309131626/tools/bin/../lib/gcc/arm-none-eabi/11.3.1/thumb/v7e-m+fp/hard\libgcc.a
LOAD C:/ST/STM32CubeIDE_1.13.2/STM32CubeIDE/plugins/com.st.stm32cube.ide.mcu.externaltools.gnu-tools-for-stm32.11.3.rel1.win32_1.1.1.202309131626/tools/bin/../lib/gcc/arm-none-eabi/11.3.1/../../../../arm-none-eabi/lib/thumb/v7e-m+fp/hard\libc_nano.a
END GROUP
START GROUP
LOAD C:/ST/STM32CubeIDE_1.13.2/STM32CubeIDE/plugins/com.st.stm32cube.ide.mcu.externaltools.gnu-tools-for-stm32.11.3.rel1.win32_1.1.1.202309131626/tools/bin/../lib/gcc/arm-none-eabi/11.3.1/thumb/v7e-m+fp/hard\libgcc.a
LOAD C:/ST/STM32CubeIDE_1.13.2/STM32CubeIDE/plugins/com.st.stm32cube.ide.mcu.externaltools.gnu-tools-for-stm32.11.3.rel1.win32_1.1.1.202309131626/tools/bin/../lib/gcc/arm-none-eabi/11.3.1/../../../../arm-none-eabi/lib/thumb/v7e-m+fp/hard\libc_nano.a
LOAD C:/ST/STM32CubeIDE_1.13.2/STM32CubeIDE/plugins/com.st.stm32cube.ide.mcu.externaltools.gnu-tools-for-stm32.11.3.rel1.win32_1.1.1.202309131626/tools/bin/../lib/gcc/arm-none-eabi/11.3.1/../../../../arm-none-eabi/lib/thumb/v7e-m+fp/hard\libnosys.a
END GROUP
START GROUP
LOAD C:/ST/STM32CubeIDE_1.13.2/STM32CubeIDE/plugins/com.st.stm32cube.ide.mcu.externaltools.gnu-tools-for-stm32.11.3.rel1.win32_1.1.1.202309131626/tools/bin/../lib/gcc/arm-none-eabi/11.3.1/thumb/v7e-m+fp/hard\libgcc.a
LOAD C:/ST/STM32CubeIDE_1.13.2/STM32CubeIDE/plugins/com.st.stm32cube.ide.mcu.externaltools.gnu-tools-for-stm32.11.3.rel1.win32_1.1.1.202309131626/tools/bin/../lib/gcc/arm-none-eabi/11.3.1/../../../../arm-none-eabi/lib/thumb/v7e-m+fp/hard\libc_nano.a
LOAD C:/ST/STM32CubeIDE_1.13.2/STM32CubeIDE/plugins/com.st.stm32cube.ide.mcu.externaltools.gnu-tools-for-stm32.11.3.rel1.win32_1.1.1.202309131626/tools/bin/../lib/gcc/arm-none-eabi/11.3.1/../../../../arm-none-eabi/lib/thumb/v7e-m+fp/hard\libnosys.a
END GROUP
LOAD C:/ST/STM32CubeIDE_1.13.2/STM32CubeIDE/plugins/com.st.stm32cube.ide.mcu.externaltools.gnu-tools-for-stm32.11.3.rel1.win32_1.1.1.202309131626/tools/bin/../lib/gcc/arm-none-eabi/11.3.1/thumb/v7e-m+fp/hard/crtend.o
LOAD C:/ST/STM32CubeIDE_1.13.2/STM32CubeIDE/plugins/com.st.stm32cube.ide.mcu.externaltools.gnu-tools-for-stm32.11.3.rel1.win32_1.1.1.202309131626/tools/bin/../lib/gcc/arm-none-eabi/11.3.1/thumb/v7e-m+fp/hard/crtn.o
                0x0000000020003000                _estack = (ORIGIN (RAM) + LENGTH (RAM))
                0x0000000000000200                _Min_Heap_Size = 0x200
                0x0000000000000400                _Min_Stack_Size = 0x400

.isr_vector     0x0000000008000000      0x188
                0x0000000008000000                . = ALIGN (0x4)
 *(.isr_vector)
 .isr_vector    0x0000000008000000      0x188 ./Core/Startup/startup_stm32f303k8tx.o
                0x0000000008000000                g_pfnVectors
                0x0000000008000188                . = ALIGN (0x4)

.text           0x0000000008000188     0x1a10
                0x0000000008000188                . = ALIGN (0x4)
 *(.text)
 .text          0x0000000008000188       0x40 C:/ST/STM32CubeIDE_1.13.2/STM32CubeIDE/plugins/com.st.stm32cube.ide.mcu.externaltools.gnu-tools-for-stm32.11.3.rel1.win32_1.1.1.202309131626/tools/bin/../lib/gcc/arm-none-eabi/11.3.1/thumb/v7e-m+fp/hard/crtbegin.o
 *(.text*)
 .text.__NVIC_GetPriorityGrouping
                0x00000000080001c8       0x1c ./Core/Src/dma.o
 .text.__NVIC_EnableIRQ
                0x00000000080001e4       0x3c ./Core/Src/dma.o
 .text.__NVIC_SetPriority
                0x0000000008000220       0x54 ./Core/Src/dma.o
 .text.NVIC_EncodePriority
                0x0000000008000274       0x66 ./Core/Src/dma.o
 *fill*         0x00000000080002da        0x2 
 .text.LL_AHB1_GRP1_EnableClock
                0x00000000080002dc       0x30 ./Core/Src/dma.o
 .text.MX_DMA_Init
                0x000000000800030c       0x4e ./Core/Src/dma.o
                0x000000000800030c                MX_DMA_Init
 *fill*         0x000000000800035a        0x2 
 .text.LL_AHB1_GRP1_EnableClock
                0x000000000800035c       0x30 ./Core/Src/gpio.o
 .text.MX_GPIO_Init
                0x000000000800038c       0x18 ./Core/Src/gpio.o
                0x000000000800038c                MX_GPIO_Init
 .text.__NVIC_GetPriorityGrouping
                0x00000000080003a4       0x1c ./Core/Src/i2c.o
 .text.__NVIC_EnableIRQ
                0x00000000080003c0       0x3c ./Core/Src/i2c.o
 .text.__NVIC_SetPriority
                0x00000000080003fc       0x54 ./Core/Src/i2c.o
 .text.NVIC_EncodePriority
                0x0000000008000450       0x66 ./Core/Src/i2c.o
 .text.LL_I2C_Enable
                0x00000000080004b6       0x20 ./Core/Src/i2c.o
 .text.LL_I2C_EnableClockStretching
                0x00000000080004d6       0x20 ./Core/Src/i2c.o
 .text.LL_I2C_DisableGeneralCall
                0x00000000080004f6       0x20 ./Core/Src/i2c.o
 .text.LL_I2C_SetOwnAddress2
                0x0000000008000516       0x30 ./Core/Src/i2c.o
 .text.LL_I2C_DisableOwnAddress2
                0x0000000008000546       0x20 ./Core/Src/i2c.o
 .text.LL_I2C_IsActiveFlag_RXNE
                0x0000000008000566       0x26 ./Core/Src/i2c.o
 .text.LL_I2C_EnableAutoEndMode
                0x000000000800058c       0x20 ./Core/Src/i2c.o
 .text.LL_I2C_ReceiveData8
                0x00000000080005ac       0x1a ./Core/Src/i2c.o
 *fill*         0x00000000080005c6        0x2 
 .text.LL_AHB1_GRP1_EnableClock
                0x00000000080005c8       0x30 ./Core/Src/i2c.o
 .text.LL_APB1_GRP1_EnableClock
                0x00000000080005f8       0x30 ./Core/Src/i2c.o
 .text.MX_I2C1_Init
                0x0000000008000628       0xe0 ./Core/Src/i2c.o
                0x0000000008000628                MX_I2C1_Init
 .text.I2C1_EV_IRQHandler
                0x0000000008000708       0x50 ./Core/Src/i2c.o
                0x0000000008000708                I2C1_EV_IRQHandler
 .text.__NVIC_SetPriorityGrouping
                0x0000000008000758       0x48 ./Core/Src/main.o
 .text.__NVIC_GetPriorityGrouping
                0x00000000080007a0       0x1c ./Core/Src/main.o
 .text.__NVIC_SetPriority
                0x00000000080007bc       0x54 ./Core/Src/main.o
 .text.NVIC_EncodePriority
                0x0000000008000810       0x66 ./Core/Src/main.o
 *fill*         0x0000000008000876        0x2 
 .text.LL_RCC_HSI_Enable
                0x0000000008000878       0x20 ./Core/Src/main.o
 .text.LL_RCC_HSI_IsReady
                0x0000000008000898       0x24 ./Core/Src/main.o
 .text.LL_RCC_HSI_SetCalibTrimming
                0x00000000080008bc       0x2c ./Core/Src/main.o
 .text.LL_RCC_SetSysClkSource
                0x00000000080008e8       0x28 ./Core/Src/main.o
 .text.LL_RCC_GetSysClkSource
                0x0000000008000910       0x1c ./Core/Src/main.o
 .text.LL_RCC_SetAHBPrescaler
                0x000000000800092c       0x28 ./Core/Src/main.o
 .text.LL_RCC_SetAPB1Prescaler
                0x0000000008000954       0x28 ./Core/Src/main.o
 .text.LL_RCC_SetAPB2Prescaler
                0x000000000800097c       0x28 ./Core/Src/main.o
 .text.LL_RCC_SetI2CClockSource
                0x00000000080009a4       0x30 ./Core/Src/main.o
 .text.LL_APB1_GRP1_EnableClock
                0x00000000080009d4       0x30 ./Core/Src/main.o
 .text.LL_APB2_GRP1_EnableClock
                0x0000000008000a04       0x30 ./Core/Src/main.o
 .text.LL_FLASH_SetLatency
                0x0000000008000a34       0x28 ./Core/Src/main.o
 .text.LL_FLASH_GetLatency
                0x0000000008000a5c       0x1c ./Core/Src/main.o
 .text.main     0x0000000008000a78       0x4a ./Core/Src/main.o
                0x0000000008000a78                main
 *fill*         0x0000000008000ac2        0x2 
 .text.SystemClock_Config
                0x0000000008000ac4       0x6c ./Core/Src/main.o
                0x0000000008000ac4                SystemClock_Config
 .text.LL_DMA_DisableChannel
                0x0000000008000b30       0x40 ./Core/Src/stm32f3xx_it.o
 .text.LL_DMA_IsActiveFlag_TC7
                0x0000000008000b70       0x28 ./Core/Src/stm32f3xx_it.o
 .text.LL_DMA_ClearFlag_TC7
                0x0000000008000b98       0x1c ./Core/Src/stm32f3xx_it.o
 .text.LL_USART_IsActiveFlag_TC
                0x0000000008000bb4       0x26 ./Core/Src/stm32f3xx_it.o
 .text.NMI_Handler
                0x0000000008000bda        0x6 ./Core/Src/stm32f3xx_it.o
                0x0000000008000bda                NMI_Handler
 .text.HardFault_Handler
                0x0000000008000be0        0x6 ./Core/Src/stm32f3xx_it.o
                0x0000000008000be0                HardFault_Handler
 .text.MemManage_Handler
                0x0000000008000be6        0x6 ./Core/Src/stm32f3xx_it.o
                0x0000000008000be6                MemManage_Handler
 .text.BusFault_Handler
                0x0000000008000bec        0x6 ./Core/Src/stm32f3xx_it.o
                0x0000000008000bec                BusFault_Handler
 .text.UsageFault_Handler
                0x0000000008000bf2        0x6 ./Core/Src/stm32f3xx_it.o
                0x0000000008000bf2                UsageFault_Handler
 .text.SVC_Handler
                0x0000000008000bf8        0xe ./Core/Src/stm32f3xx_it.o
                0x0000000008000bf8                SVC_Handler
 .text.DebugMon_Handler
                0x0000000008000c06        0xe ./Core/Src/stm32f3xx_it.o
                0x0000000008000c06                DebugMon_Handler
 .text.PendSV_Handler
                0x0000000008000c14        0xe ./Core/Src/stm32f3xx_it.o
                0x0000000008000c14                PendSV_Handler
 .text.SysTick_Handler
                0x0000000008000c22        0xe ./Core/Src/stm32f3xx_it.o
                0x0000000008000c22                SysTick_Handler
 .text.DMA1_Channel6_IRQHandler
                0x0000000008000c30        0xe ./Core/Src/stm32f3xx_it.o
                0x0000000008000c30                DMA1_Channel6_IRQHandler
 *fill*         0x0000000008000c3e        0x2 
 .text.DMA1_Channel7_IRQHandler
                0x0000000008000c40       0x38 ./Core/Src/stm32f3xx_it.o
                0x0000000008000c40                DMA1_Channel7_IRQHandler
 .text.SystemInit
                0x0000000008000c78       0x24 ./Core/Src/system_stm32f3xx.o
                0x0000000008000c78                SystemInit
 .text.LL_DMA_SetDataTransferDirection
                0x0000000008000c9c       0x4c ./Core/Src/usart.o
 .text.LL_DMA_SetMode
                0x0000000008000ce8       0x48 ./Core/Src/usart.o
 .text.LL_DMA_SetPeriphIncMode
                0x0000000008000d30       0x48 ./Core/Src/usart.o
 .text.LL_DMA_SetMemoryIncMode
                0x0000000008000d78       0x48 ./Core/Src/usart.o
 .text.LL_DMA_SetPeriphSize
                0x0000000008000dc0       0x48 ./Core/Src/usart.o
 .text.LL_DMA_SetMemorySize
                0x0000000008000e08       0x48 ./Core/Src/usart.o
 .text.LL_DMA_SetChannelPriorityLevel
                0x0000000008000e50       0x48 ./Core/Src/usart.o
 .text.LL_AHB1_GRP1_EnableClock
                0x0000000008000e98       0x30 ./Core/Src/usart.o
 .text.LL_APB1_GRP1_EnableClock
                0x0000000008000ec8       0x30 ./Core/Src/usart.o
 .text.LL_USART_Enable
                0x0000000008000ef8       0x20 ./Core/Src/usart.o
 .text.LL_USART_ConfigAsyncMode
                0x0000000008000f18       0x2c ./Core/Src/usart.o
 .text.LL_USART_DisableIT_CTS
                0x0000000008000f44       0x46 ./Core/Src/usart.o
 *fill*         0x0000000008000f8a        0x2 
 .text.MX_USART2_UART_Init
                0x0000000008000f8c      0x13c ./Core/Src/usart.o
                0x0000000008000f8c                MX_USART2_UART_Init
 .text.Reset_Handler
                0x00000000080010c8       0x50 ./Core/Startup/startup_stm32f303k8tx.o
                0x00000000080010c8                Reset_Handler
 .text.Default_Handler
                0x0000000008001118        0x2 ./Core/Startup/startup_stm32f303k8tx.o
                0x0000000008001118                RTC_Alarm_IRQHandler
                0x0000000008001118                TIM1_CC_IRQHandler
                0x0000000008001118                PVD_IRQHandler
                0x0000000008001118                TAMP_STAMP_IRQHandler
                0x0000000008001118                EXTI3_IRQHandler
                0x0000000008001118                EXTI0_IRQHandler
                0x0000000008001118                FPU_IRQHandler
                0x0000000008001118                CAN_TX_IRQHandler
                0x0000000008001118                TIM1_UP_TIM16_IRQHandler
                0x0000000008001118                ADC1_2_IRQHandler
                0x0000000008001118                SPI1_IRQHandler
                0x0000000008001118                CAN_SCE_IRQHandler
                0x0000000008001118                DMA1_Channel4_IRQHandler
                0x0000000008001118                USART3_IRQHandler
                0x0000000008001118                TIM7_DAC2_IRQHandler
                0x0000000008001118                CAN_RX1_IRQHandler
                0x0000000008001118                TIM3_IRQHandler
                0x0000000008001118                RCC_IRQHandler
                0x0000000008001118                DMA1_Channel1_IRQHandler
                0x0000000008001118                Default_Handler
                0x0000000008001118                EXTI15_10_IRQHandler
                0x0000000008001118                COMP2_IRQHandler
                0x0000000008001118                TIM6_DAC1_IRQHandler
                0x0000000008001118                EXTI9_5_IRQHandler
                0x0000000008001118                RTC_WKUP_IRQHandler
                0x0000000008001118                DMA1_Channel5_IRQHandler
                0x0000000008001118                EXTI4_IRQHandler
                0x0000000008001118                TIM1_TRG_COM_TIM17_IRQHandler
                0x0000000008001118                DMA1_Channel3_IRQHandler
                0x0000000008001118                WWDG_IRQHandler
                0x0000000008001118                TIM2_IRQHandler
                0x0000000008001118                EXTI1_IRQHandler
                0x0000000008001118                COMP4_6_IRQHandler
                0x0000000008001118                USART2_IRQHandler
                0x0000000008001118                DMA1_Channel2_IRQHandler
                0x0000000008001118                FLASH_IRQHandler
                0x0000000008001118                USART1_IRQHandler
                0x0000000008001118                CAN_RX0_IRQHandler
                0x0000000008001118                I2C1_ER_IRQHandler
                0x0000000008001118                EXTI2_TSC_IRQHandler
                0x0000000008001118                TIM1_BRK_TIM15_IRQHandler
 .text.LL_GPIO_SetPinMode
                0x000000000800111a       0x5e ./Drivers/STM32F3xx_HAL_Driver/Src/stm32f3xx_ll_gpio.o
 .text.LL_GPIO_SetPinOutputType
                0x0000000008001178       0x30 ./Drivers/STM32F3xx_HAL_Driver/Src/stm32f3xx_ll_gpio.o
 .text.LL_GPIO_SetPinSpeed
                0x00000000080011a8       0x5e ./Drivers/STM32F3xx_HAL_Driver/Src/stm32f3xx_ll_gpio.o
 .text.LL_GPIO_SetPinPull
                0x0000000008001206       0x5e ./Drivers/STM32F3xx_HAL_Driver/Src/stm32f3xx_ll_gpio.o
 .text.LL_GPIO_SetAFPin_0_7
                0x0000000008001264       0x5e ./Drivers/STM32F3xx_HAL_Driver/Src/stm32f3xx_ll_gpio.o
 .text.LL_GPIO_SetAFPin_8_15
                0x00000000080012c2       0x62 ./Drivers/STM32F3xx_HAL_Driver/Src/stm32f3xx_ll_gpio.o
 .text.LL_GPIO_Init
                0x0000000008001324       0xe0 ./Drivers/STM32F3xx_HAL_Driver/Src/stm32f3xx_ll_gpio.o
                0x0000000008001324                LL_GPIO_Init
 .text.LL_I2C_Enable
                0x0000000008001404       0x20 ./Drivers/STM32F3xx_HAL_Driver/Src/stm32f3xx_ll_i2c.o
 .text.LL_I2C_Disable
                0x0000000008001424       0x20 ./Drivers/STM32F3xx_HAL_Driver/Src/stm32f3xx_ll_i2c.o
 .text.LL_I2C_ConfigFilters
                0x0000000008001444       0x2e ./Drivers/STM32F3xx_HAL_Driver/Src/stm32f3xx_ll_i2c.o
 .text.LL_I2C_SetOwnAddress1
                0x0000000008001472       0x30 ./Drivers/STM32F3xx_HAL_Driver/Src/stm32f3xx_ll_i2c.o
 .text.LL_I2C_EnableOwnAddress1
                0x00000000080014a2       0x20 ./Drivers/STM32F3xx_HAL_Driver/Src/stm32f3xx_ll_i2c.o
 .text.LL_I2C_DisableOwnAddress1
                0x00000000080014c2       0x20 ./Drivers/STM32F3xx_HAL_Driver/Src/stm32f3xx_ll_i2c.o
 .text.LL_I2C_SetTiming
                0x00000000080014e2       0x1c ./Drivers/STM32F3xx_HAL_Driver/Src/stm32f3xx_ll_i2c.o
 .text.LL_I2C_SetMode
                0x00000000080014fe       0x26 ./Drivers/STM32F3xx_HAL_Driver/Src/stm32f3xx_ll_i2c.o
 .text.LL_I2C_AcknowledgeNextData
                0x0000000008001524       0x26 ./Drivers/STM32F3xx_HAL_Driver/Src/stm32f3xx_ll_i2c.o
 .text.LL_I2C_Init
                0x000000000800154a       0x78 ./Drivers/STM32F3xx_HAL_Driver/Src/stm32f3xx_ll_i2c.o
                0x000000000800154a                LL_I2C_Init
 *fill*         0x00000000080015c2        0x2 
 .text.LL_RCC_HSI_IsReady
                0x00000000080015c4       0x24 ./Drivers/STM32F3xx_HAL_Driver/Src/stm32f3xx_ll_rcc.o
 .text.LL_RCC_LSE_IsReady
                0x00000000080015e8       0x24 ./Drivers/STM32F3xx_HAL_Driver/Src/stm32f3xx_ll_rcc.o
 .text.LL_RCC_GetSysClkSource
                0x000000000800160c       0x1c ./Drivers/STM32F3xx_HAL_Driver/Src/stm32f3xx_ll_rcc.o
 .text.LL_RCC_GetAHBPrescaler
                0x0000000008001628       0x1c ./Drivers/STM32F3xx_HAL_Driver/Src/stm32f3xx_ll_rcc.o
 .text.LL_RCC_GetAPB1Prescaler
                0x0000000008001644       0x1c ./Drivers/STM32F3xx_HAL_Driver/Src/stm32f3xx_ll_rcc.o
 .text.LL_RCC_GetAPB2Prescaler
                0x0000000008001660       0x1c ./Drivers/STM32F3xx_HAL_Driver/Src/stm32f3xx_ll_rcc.o
 .text.LL_RCC_GetUSARTClockSource
                0x000000000800167c       0x2c ./Drivers/STM32F3xx_HAL_Driver/Src/stm32f3xx_ll_rcc.o
 .text.LL_RCC_PLL_GetMainSource
                0x00000000080016a8       0x1c ./Drivers/STM32F3xx_HAL_Driver/Src/stm32f3xx_ll_rcc.o
 .text.LL_RCC_PLL_GetMultiplicator
                0x00000000080016c4       0x1c ./Drivers/STM32F3xx_HAL_Driver/Src/stm32f3xx_ll_rcc.o
 .text.LL_RCC_PLL_GetPrediv
                0x00000000080016e0       0x1c ./Drivers/STM32F3xx_HAL_Driver/Src/stm32f3xx_ll_rcc.o
 .text.LL_RCC_GetSystemClocksFreq
                0x00000000080016fc       0x4a ./Drivers/STM32F3xx_HAL_Driver/Src/stm32f3xx_ll_rcc.o
                0x00000000080016fc                LL_RCC_GetSystemClocksFreq
 *fill*         0x0000000008001746        0x2 
 .text.LL_RCC_GetUSARTClockFreq
                0x0000000008001748       0x84 ./Drivers/STM32F3xx_HAL_Driver/Src/stm32f3xx_ll_rcc.o
                0x0000000008001748                LL_RCC_GetUSARTClockFreq
 .text.RCC_GetSystemClockFreq
                0x00000000080017cc       0x4c ./Drivers/STM32F3xx_HAL_Driver/Src/stm32f3xx_ll_rcc.o
                0x00000000080017cc                RCC_GetSystemClockFreq
 .text.RCC_GetHCLKClockFreq
                0x0000000008001818       0x2c ./Drivers/STM32F3xx_HAL_Driver/Src/stm32f3xx_ll_rcc.o
                0x0000000008001818                RCC_GetHCLKClockFreq
 .text.RCC_GetPCLK1ClockFreq
                0x0000000008001844       0x28 ./Drivers/STM32F3xx_HAL_Driver/Src/stm32f3xx_ll_rcc.o
                0x0000000008001844                RCC_GetPCLK1ClockFreq
 .text.RCC_GetPCLK2ClockFreq
                0x000000000800186c       0x28 ./Drivers/STM32F3xx_HAL_Driver/Src/stm32f3xx_ll_rcc.o
                0x000000000800186c                RCC_GetPCLK2ClockFreq
 .text.RCC_PLL_GetFreqDomain_SYS
                0x0000000008001894       0x7c ./Drivers/STM32F3xx_HAL_Driver/Src/stm32f3xx_ll_rcc.o
                0x0000000008001894                RCC_PLL_GetFreqDomain_SYS
 .text.LL_USART_IsEnabled
                0x0000000008001910       0x26 ./Drivers/STM32F3xx_HAL_Driver/Src/stm32f3xx_ll_usart.o
 .text.LL_USART_SetStopBitsLength
                0x0000000008001936       0x26 ./Drivers/STM32F3xx_HAL_Driver/Src/stm32f3xx_ll_usart.o
 .text.LL_USART_SetHWFlowCtrl
                0x000000000800195c       0x26 ./Drivers/STM32F3xx_HAL_Driver/Src/stm32f3xx_ll_usart.o
 .text.LL_USART_SetBaudRate
                0x0000000008001982       0x6e ./Drivers/STM32F3xx_HAL_Driver/Src/stm32f3xx_ll_usart.o
 .text.LL_USART_Init
                0x00000000080019f0       0xd8 ./Drivers/STM32F3xx_HAL_Driver/Src/stm32f3xx_ll_usart.o
                0x00000000080019f0                LL_USART_Init
 .text.LL_InitTick
                0x0000000008001ac8       0x34 ./Drivers/STM32F3xx_HAL_Driver/Src/stm32f3xx_ll_utils.o
 .text.LL_Init1msTick
                0x0000000008001afc       0x1a ./Drivers/STM32F3xx_HAL_Driver/Src/stm32f3xx_ll_utils.o
                0x0000000008001afc                LL_Init1msTick
 *fill*         0x0000000008001b16        0x2 
 .text.LL_SetSystemCoreClock
                0x0000000008001b18       0x20 ./Drivers/STM32F3xx_HAL_Driver/Src/stm32f3xx_ll_utils.o
                0x0000000008001b18                LL_SetSystemCoreClock
 .text.__libc_init_array
                0x0000000008001b38       0x48 C:/ST/STM32CubeIDE_1.13.2/STM32CubeIDE/plugins/com.st.stm32cube.ide.mcu.externaltools.gnu-tools-for-stm32.11.3.rel1.win32_1.1.1.202309131626/tools/bin/../lib/gcc/arm-none-eabi/11.3.1/../../../../arm-none-eabi/lib/thumb/v7e-m+fp/hard\libc_nano.a(libc_a-init.o)
                0x0000000008001b38                __libc_init_array
 *(.glue_7)
 .glue_7        0x0000000008001b80        0x0 linker stubs
 *(.glue_7t)
 .glue_7t       0x0000000008001b80        0x0 linker stubs
 *(.eh_frame)
 .eh_frame      0x0000000008001b80        0x0 C:/ST/STM32CubeIDE_1.13.2/STM32CubeIDE/plugins/com.st.stm32cube.ide.mcu.externaltools.gnu-tools-for-stm32.11.3.rel1.win32_1.1.1.202309131626/tools/bin/../lib/gcc/arm-none-eabi/11.3.1/thumb/v7e-m+fp/hard/crtbegin.o
 *(.init)
 .init          0x0000000008001b80        0x4 C:/ST/STM32CubeIDE_1.13.2/STM32CubeIDE/plugins/com.st.stm32cube.ide.mcu.externaltools.gnu-tools-for-stm32.11.3.rel1.win32_1.1.1.202309131626/tools/bin/../lib/gcc/arm-none-eabi/11.3.1/thumb/v7e-m+fp/hard/crti.o
                0x0000000008001b80                _init
 .init          0x0000000008001b84        0x8 C:/ST/STM32CubeIDE_1.13.2/STM32CubeIDE/plugins/com.st.stm32cube.ide.mcu.externaltools.gnu-tools-for-stm32.11.3.rel1.win32_1.1.1.202309131626/tools/bin/../lib/gcc/arm-none-eabi/11.3.1/thumb/v7e-m+fp/hard/crtn.o
 *(.fini)
 .fini          0x0000000008001b8c        0x4 C:/ST/STM32CubeIDE_1.13.2/STM32CubeIDE/plugins/com.st.stm32cube.ide.mcu.externaltools.gnu-tools-for-stm32.11.3.rel1.win32_1.1.1.202309131626/tools/bin/../lib/gcc/arm-none-eabi/11.3.1/thumb/v7e-m+fp/hard/crti.o
                0x0000000008001b8c                _fini
 .fini          0x0000000008001b90        0x8 C:/ST/STM32CubeIDE_1.13.2/STM32CubeIDE/plugins/com.st.stm32cube.ide.mcu.externaltools.gnu-tools-for-stm32.11.3.rel1.win32_1.1.1.202309131626/tools/bin/../lib/gcc/arm-none-eabi/11.3.1/thumb/v7e-m+fp/hard/crtn.o
                0x0000000008001b98                . = ALIGN (0x4)
                0x0000000008001b98                _etext = .

.vfp11_veneer   0x0000000008001b98        0x0
 .vfp11_veneer  0x0000000008001b98        0x0 linker stubs

.v4_bx          0x0000000008001b98        0x0
 .v4_bx         0x0000000008001b98        0x0 linker stubs

.iplt           0x0000000008001b98        0x0
 .iplt          0x0000000008001b98        0x0 C:/ST/STM32CubeIDE_1.13.2/STM32CubeIDE/plugins/com.st.stm32cube.ide.mcu.externaltools.gnu-tools-for-stm32.11.3.rel1.win32_1.1.1.202309131626/tools/bin/../lib/gcc/arm-none-eabi/11.3.1/thumb/v7e-m+fp/hard/crtbegin.o

.rodata         0x0000000008001b98       0x28
                0x0000000008001b98                . = ALIGN (0x4)
 *(.rodata)
 *(.rodata*)
 .rodata.CHANNEL_OFFSET_TAB
                0x0000000008001b98        0x7 ./Core/Src/stm32f3xx_it.o
 *fill*         0x0000000008001b9f        0x1 
 .rodata.AHBPrescTable
                0x0000000008001ba0       0x10 ./Core/Src/system_stm32f3xx.o
                0x0000000008001ba0                AHBPrescTable
 .rodata.APBPrescTable
                0x0000000008001bb0        0x8 ./Core/Src/system_stm32f3xx.o
                0x0000000008001bb0                APBPrescTable
 .rodata.CHANNEL_OFFSET_TAB
                0x0000000008001bb8        0x7 ./Core/Src/usart.o
                0x0000000008001bc0                . = ALIGN (0x4)
 *fill*         0x0000000008001bbf        0x1 

.rel.dyn        0x0000000008001bc0        0x0
 .rel.iplt      0x0000000008001bc0        0x0 C:/ST/STM32CubeIDE_1.13.2/STM32CubeIDE/plugins/com.st.stm32cube.ide.mcu.externaltools.gnu-tools-for-stm32.11.3.rel1.win32_1.1.1.202309131626/tools/bin/../lib/gcc/arm-none-eabi/11.3.1/thumb/v7e-m+fp/hard/crtbegin.o

.ARM.extab      0x0000000008001bc0        0x0
                0x0000000008001bc0                . = ALIGN (0x4)
 *(.ARM.extab* .gnu.linkonce.armextab.*)
                0x0000000008001bc0                . = ALIGN (0x4)

.ARM            0x0000000008001bc0        0x0
                0x0000000008001bc0                . = ALIGN (0x4)
                0x0000000008001bc0                __exidx_start = .
 *(.ARM.exidx*)
                0x0000000008001bc0                __exidx_end = .
                0x0000000008001bc0                . = ALIGN (0x4)

.preinit_array  0x0000000008001bc0        0x0
                0x0000000008001bc0                . = ALIGN (0x4)
                0x0000000008001bc0                PROVIDE (__preinit_array_start = .)
 *(.preinit_array*)
                0x0000000008001bc0                PROVIDE (__preinit_array_end = .)
                0x0000000008001bc0                . = ALIGN (0x4)

.init_array     0x0000000008001bc0        0x4
                0x0000000008001bc0                . = ALIGN (0x4)
                0x0000000008001bc0                PROVIDE (__init_array_start = .)
 *(SORT_BY_NAME(.init_array.*))
 *(.init_array*)
 .init_array    0x0000000008001bc0        0x4 C:/ST/STM32CubeIDE_1.13.2/STM32CubeIDE/plugins/com.st.stm32cube.ide.mcu.externaltools.gnu-tools-for-stm32.11.3.rel1.win32_1.1.1.202309131626/tools/bin/../lib/gcc/arm-none-eabi/11.3.1/thumb/v7e-m+fp/hard/crtbegin.o
                0x0000000008001bc4                PROVIDE (__init_array_end = .)
                0x0000000008001bc4                . = ALIGN (0x4)

.fini_array     0x0000000008001bc4        0x4
                0x0000000008001bc4                . = ALIGN (0x4)
                [!provide]                        PROVIDE (__fini_array_start = .)
 *(SORT_BY_NAME(.fini_array.*))
 *(.fini_array*)
 .fini_array    0x0000000008001bc4        0x4 C:/ST/STM32CubeIDE_1.13.2/STM32CubeIDE/plugins/com.st.stm32cube.ide.mcu.externaltools.gnu-tools-for-stm32.11.3.rel1.win32_1.1.1.202309131626/tools/bin/../lib/gcc/arm-none-eabi/11.3.1/thumb/v7e-m+fp/hard/crtbegin.o
                [!provide]                        PROVIDE (__fini_array_end = .)
                0x0000000008001bc8                . = ALIGN (0x4)
                0x0000000008001bc8                _sidata = LOADADDR (.data)

.data           0x0000000020000000        0x4 load address 0x0000000008001bc8
                0x0000000020000000                . = ALIGN (0x4)
                0x0000000020000000                _sdata = .
 *(.data)
 *(.data*)
 .data.SystemCoreClock
                0x0000000020000000        0x4 ./Core/Src/system_stm32f3xx.o
                0x0000000020000000                SystemCoreClock
 *(.RamFunc)
 *(.RamFunc*)
                0x0000000020000004                . = ALIGN (0x4)
                0x0000000020000004                _edata = .
                0x0000000008001bcc                _siccmram = LOADADDR (.ccmram)

.igot.plt       0x0000000020000004        0x0 load address 0x0000000008001bcc
 .igot.plt      0x0000000020000004        0x0 C:/ST/STM32CubeIDE_1.13.2/STM32CubeIDE/plugins/com.st.stm32cube.ide.mcu.externaltools.gnu-tools-for-stm32.11.3.rel1.win32_1.1.1.202309131626/tools/bin/../lib/gcc/arm-none-eabi/11.3.1/thumb/v7e-m+fp/hard/crtbegin.o

.ccmram         0x0000000010000000        0x0 load address 0x0000000008001bcc
                0x0000000010000000                . = ALIGN (0x4)
                0x0000000010000000                _sccmram = .
 *(.ccmram)
 *(.ccmram*)
                0x0000000010000000                . = ALIGN (0x4)
                0x0000000010000000                _eccmram = .
                0x0000000010000000                . = ALIGN (0x4)

.bss            0x0000000020000004       0x24
                0x0000000020000004                _sbss = .
                0x0000000020000004                __bss_start__ = _sbss
 *(.bss)
 .bss           0x0000000020000004       0x1c C:/ST/STM32CubeIDE_1.13.2/STM32CubeIDE/plugins/com.st.stm32cube.ide.mcu.externaltools.gnu-tools-for-stm32.11.3.rel1.win32_1.1.1.202309131626/tools/bin/../lib/gcc/arm-none-eabi/11.3.1/thumb/v7e-m+fp/hard/crtbegin.o
 *(.bss*)
 .bss.rec_buffer_read
                0x0000000020000020        0x4 ./Core/Src/i2c.o
                0x0000000020000020                rec_buffer_read
 .bss.rec_index
                0x0000000020000024        0x1 ./Core/Src/i2c.o
                0x0000000020000024                rec_index
 *(COMMON)
                0x0000000020000028                . = ALIGN (0x4)
 *fill*         0x0000000020000025        0x3 
                0x0000000020000028                _ebss = .
                0x0000000020000028                __bss_end__ = _ebss

._user_heap_stack
                0x0000000020000028      0x600
                0x0000000020000028                . = ALIGN (0x8)
                [!provide]                        PROVIDE (end = .)
                0x0000000020000028                PROVIDE (_end = .)
                0x0000000020000228                . = (. + _Min_Heap_Size)
 *fill*         0x0000000020000028      0x200 
                0x0000000020000628                . = (. + _Min_Stack_Size)
 *fill*         0x0000000020000228      0x400 
                0x0000000020000628                . = ALIGN (0x8)

/DISCARD/
 libc.a(*)
 libm.a(*)
 libgcc.a(*)

.ARM.attributes
                0x0000000000000000       0x30
 *(.ARM.attributes)
 .ARM.attributes
                0x0000000000000000       0x1e C:/ST/STM32CubeIDE_1.13.2/STM32CubeIDE/plugins/com.st.stm32cube.ide.mcu.externaltools.gnu-tools-for-stm32.11.3.rel1.win32_1.1.1.202309131626/tools/bin/../lib/gcc/arm-none-eabi/11.3.1/thumb/v7e-m+fp/hard/crti.o
 .ARM.attributes
                0x000000000000001e       0x34 C:/ST/STM32CubeIDE_1.13.2/STM32CubeIDE/plugins/com.st.stm32cube.ide.mcu.externaltools.gnu-tools-for-stm32.11.3.rel1.win32_1.1.1.202309131626/tools/bin/../lib/gcc/arm-none-eabi/11.3.1/thumb/v7e-m+fp/hard/crtbegin.o
 .ARM.attributes
                0x0000000000000052       0x34 ./Core/Src/dma.o
 .ARM.attributes
                0x0000000000000086       0x34 ./Core/Src/gpio.o
 .ARM.attributes
                0x00000000000000ba       0x34 ./Core/Src/i2c.o
 .ARM.attributes
                0x00000000000000ee       0x34 ./Core/Src/main.o
 .ARM.attributes
                0x0000000000000122       0x34 ./Core/Src/stm32f3xx_it.o
 .ARM.attributes
                0x0000000000000156       0x34 ./Core/Src/system_stm32f3xx.o
 .ARM.attributes
                0x000000000000018a       0x34 ./Core/Src/usart.o
 .ARM.attributes
                0x00000000000001be       0x21 ./Core/Startup/startup_stm32f303k8tx.o
 .ARM.attributes
                0x00000000000001df       0x34 ./Drivers/STM32F3xx_HAL_Driver/Src/stm32f3xx_ll_gpio.o
 .ARM.attributes
                0x0000000000000213       0x34 ./Drivers/STM32F3xx_HAL_Driver/Src/stm32f3xx_ll_i2c.o
 .ARM.attributes
                0x0000000000000247       0x34 ./Drivers/STM32F3xx_HAL_Driver/Src/stm32f3xx_ll_rcc.o
 .ARM.attributes
                0x000000000000027b       0x34 ./Drivers/STM32F3xx_HAL_Driver/Src/stm32f3xx_ll_usart.o
 .ARM.attributes
                0x00000000000002af       0x34 ./Drivers/STM32F3xx_HAL_Driver/Src/stm32f3xx_ll_utils.o
 .ARM.attributes
                0x00000000000002e3       0x34 C:/ST/STM32CubeIDE_1.13.2/STM32CubeIDE/plugins/com.st.stm32cube.ide.mcu.externaltools.gnu-tools-for-stm32.11.3.rel1.win32_1.1.1.202309131626/tools/bin/../lib/gcc/arm-none-eabi/11.3.1/../../../../arm-none-eabi/lib/thumb/v7e-m+fp/hard\libc_nano.a(libc_a-init.o)
 .ARM.attributes
                0x0000000000000317       0x1e C:/ST/STM32CubeIDE_1.13.2/STM32CubeIDE/plugins/com.st.stm32cube.ide.mcu.externaltools.gnu-tools-for-stm32.11.3.rel1.win32_1.1.1.202309131626/tools/bin/../lib/gcc/arm-none-eabi/11.3.1/thumb/v7e-m+fp/hard/crtn.o
OUTPUT(ZemiakovySkrob_VRS6.elf elf32-littlearm)
LOAD linker stubs
LOAD C:/ST/STM32CubeIDE_1.13.2/STM32CubeIDE/plugins/com.st.stm32cube.ide.mcu.externaltools.gnu-tools-for-stm32.11.3.rel1.win32_1.1.1.202309131626/tools/bin/../lib/gcc/arm-none-eabi/11.3.1/../../../../arm-none-eabi/lib/thumb/v7e-m+fp/hard\libc.a
LOAD C:/ST/STM32CubeIDE_1.13.2/STM32CubeIDE/plugins/com.st.stm32cube.ide.mcu.externaltools.gnu-tools-for-stm32.11.3.rel1.win32_1.1.1.202309131626/tools/bin/../lib/gcc/arm-none-eabi/11.3.1/../../../../arm-none-eabi/lib/thumb/v7e-m+fp/hard\libm.a
LOAD C:/ST/STM32CubeIDE_1.13.2/STM32CubeIDE/plugins/com.st.stm32cube.ide.mcu.externaltools.gnu-tools-for-stm32.11.3.rel1.win32_1.1.1.202309131626/tools/bin/../lib/gcc/arm-none-eabi/11.3.1/thumb/v7e-m+fp/hard\libgcc.a

.comment        0x0000000000000000       0x43
 .comment       0x0000000000000000       0x43 C:/ST/STM32CubeIDE_1.13.2/STM32CubeIDE/plugins/com.st.stm32cube.ide.mcu.externaltools.gnu-tools-for-stm32.11.3.rel1.win32_1.1.1.202309131626/tools/bin/../lib/gcc/arm-none-eabi/11.3.1/thumb/v7e-m+fp/hard/crtbegin.o
                                         0x44 (size before relaxing)
 .comment       0x0000000000000043       0x44 ./Core/Src/dma.o
 .comment       0x0000000000000043       0x44 ./Core/Src/gpio.o
 .comment       0x0000000000000043       0x44 ./Core/Src/i2c.o
 .comment       0x0000000000000043       0x44 ./Core/Src/main.o
 .comment       0x0000000000000043       0x44 ./Core/Src/stm32f3xx_it.o
 .comment       0x0000000000000043       0x44 ./Core/Src/system_stm32f3xx.o
 .comment       0x0000000000000043       0x44 ./Core/Src/usart.o
 .comment       0x0000000000000043       0x44 ./Drivers/STM32F3xx_HAL_Driver/Src/stm32f3xx_ll_gpio.o
 .comment       0x0000000000000043       0x44 ./Drivers/STM32F3xx_HAL_Driver/Src/stm32f3xx_ll_i2c.o
 .comment       0x0000000000000043       0x44 ./Drivers/STM32F3xx_HAL_Driver/Src/stm32f3xx_ll_rcc.o
 .comment       0x0000000000000043       0x44 ./Drivers/STM32F3xx_HAL_Driver/Src/stm32f3xx_ll_usart.o
 .comment       0x0000000000000043       0x44 ./Drivers/STM32F3xx_HAL_Driver/Src/stm32f3xx_ll_utils.o

.debug_info     0x0000000000000000     0x541c
 .debug_info    0x0000000000000000      0x71f ./Core/Src/dma.o
 .debug_info    0x000000000000071f      0x1cb ./Core/Src/gpio.o
 .debug_info    0x00000000000008ea      0xdf8 ./Core/Src/i2c.o
 .debug_info    0x00000000000016e2      0x9ef ./Core/Src/main.o
 .debug_info    0x00000000000020d1      0x3a5 ./Core/Src/stm32f3xx_it.o
 .debug_info    0x0000000000002476      0x400 ./Core/Src/system_stm32f3xx.o
 .debug_info    0x0000000000002876      0xa35 ./Core/Src/usart.o
 .debug_info    0x00000000000032ab       0x23 ./Core/Startup/startup_stm32f303k8tx.o
 .debug_info    0x00000000000032ce      0x6e7 ./Drivers/STM32F3xx_HAL_Driver/Src/stm32f3xx_ll_gpio.o
 .debug_info    0x00000000000039b5      0x529 ./Drivers/STM32F3xx_HAL_Driver/Src/stm32f3xx_ll_i2c.o
 .debug_info    0x0000000000003ede      0x6b1 ./Drivers/STM32F3xx_HAL_Driver/Src/stm32f3xx_ll_rcc.o
 .debug_info    0x000000000000458f      0x68a ./Drivers/STM32F3xx_HAL_Driver/Src/stm32f3xx_ll_usart.o
 .debug_info    0x0000000000004c19      0x803 ./Drivers/STM32F3xx_HAL_Driver/Src/stm32f3xx_ll_utils.o

.debug_abbrev   0x0000000000000000     0x16a4
 .debug_abbrev  0x0000000000000000      0x197 ./Core/Src/dma.o
 .debug_abbrev  0x0000000000000197      0x102 ./Core/Src/gpio.o
 .debug_abbrev  0x0000000000000299      0x255 ./Core/Src/i2c.o
 .debug_abbrev  0x00000000000004ee      0x239 ./Core/Src/main.o
 .debug_abbrev  0x0000000000000727      0x173 ./Core/Src/stm32f3xx_it.o
 .debug_abbrev  0x000000000000089a      0x11a ./Core/Src/system_stm32f3xx.o
 .debug_abbrev  0x00000000000009b4      0x26d ./Core/Src/usart.o
 .debug_abbrev  0x0000000000000c21       0x12 ./Core/Startup/startup_stm32f303k8tx.o
 .debug_abbrev  0x0000000000000c33      0x21e ./Drivers/STM32F3xx_HAL_Driver/Src/stm32f3xx_ll_gpio.o
 .debug_abbrev  0x0000000000000e51      0x177 ./Drivers/STM32F3xx_HAL_Driver/Src/stm32f3xx_ll_i2c.o
 .debug_abbrev  0x0000000000000fc8      0x246 ./Drivers/STM32F3xx_HAL_Driver/Src/stm32f3xx_ll_rcc.o
 .debug_abbrev  0x000000000000120e      0x1dd ./Drivers/STM32F3xx_HAL_Driver/Src/stm32f3xx_ll_usart.o
 .debug_abbrev  0x00000000000013eb      0x2b9 ./Drivers/STM32F3xx_HAL_Driver/Src/stm32f3xx_ll_utils.o

.debug_aranges  0x0000000000000000      0x708
 .debug_aranges
                0x0000000000000000       0x48 ./Core/Src/dma.o
 .debug_aranges
                0x0000000000000048       0x28 ./Core/Src/gpio.o
 .debug_aranges
                0x0000000000000070       0xe0 ./Core/Src/i2c.o
 .debug_aranges
                0x0000000000000150       0xb8 ./Core/Src/main.o
 .debug_aranges
                0x0000000000000208       0x90 ./Core/Src/stm32f3xx_it.o
 .debug_aranges
                0x0000000000000298       0x28 ./Core/Src/system_stm32f3xx.o
 .debug_aranges
                0x00000000000002c0       0xb0 ./Core/Src/usart.o
 .debug_aranges
                0x0000000000000370       0x28 ./Core/Startup/startup_stm32f303k8tx.o
 .debug_aranges
                0x0000000000000398       0x70 ./Drivers/STM32F3xx_HAL_Driver/Src/stm32f3xx_ll_gpio.o
 .debug_aranges
                0x0000000000000408       0x88 ./Drivers/STM32F3xx_HAL_Driver/Src/stm32f3xx_ll_i2c.o
 .debug_aranges
                0x0000000000000490      0x100 ./Drivers/STM32F3xx_HAL_Driver/Src/stm32f3xx_ll_rcc.o
 .debug_aranges
                0x0000000000000590       0x88 ./Drivers/STM32F3xx_HAL_Driver/Src/stm32f3xx_ll_usart.o
 .debug_aranges
                0x0000000000000618       0xf0 ./Drivers/STM32F3xx_HAL_Driver/Src/stm32f3xx_ll_utils.o

.debug_rnglists
                0x0000000000000000      0x513
 .debug_rnglists
                0x0000000000000000       0x31 ./Core/Src/dma.o
 .debug_rnglists
                0x0000000000000031       0x19 ./Core/Src/gpio.o
 .debug_rnglists
                0x000000000000004a       0xa6 ./Core/Src/i2c.o
 .debug_rnglists
                0x00000000000000f0       0x85 ./Core/Src/main.o
 .debug_rnglists
                0x0000000000000175       0x67 ./Core/Src/stm32f3xx_it.o
 .debug_rnglists
                0x00000000000001dc       0x1a ./Core/Src/system_stm32f3xx.o
 .debug_rnglists
                0x00000000000001f6       0x80 ./Core/Src/usart.o
 .debug_rnglists
                0x0000000000000276       0x19 ./Core/Startup/startup_stm32f303k8tx.o
 .debug_rnglists
                0x000000000000028f       0x51 ./Drivers/STM32F3xx_HAL_Driver/Src/stm32f3xx_ll_gpio.o
 .debug_rnglists
                0x00000000000002e0       0x61 ./Drivers/STM32F3xx_HAL_Driver/Src/stm32f3xx_ll_i2c.o
 .debug_rnglists
                0x0000000000000341       0xbe ./Drivers/STM32F3xx_HAL_Driver/Src/stm32f3xx_ll_rcc.o
 .debug_rnglists
                0x00000000000003ff       0x62 ./Drivers/STM32F3xx_HAL_Driver/Src/stm32f3xx_ll_usart.o
 .debug_rnglists
                0x0000000000000461       0xb2 ./Drivers/STM32F3xx_HAL_Driver/Src/stm32f3xx_ll_utils.o

.debug_macro    0x0000000000000000    0x15842
 .debug_macro   0x0000000000000000      0x13e ./Core/Src/dma.o
 .debug_macro   0x000000000000013e      0xade ./Core/Src/dma.o
 .debug_macro   0x0000000000000c1c       0x2e ./Core/Src/dma.o
 .debug_macro   0x0000000000000c4a       0x28 ./Core/Src/dma.o
 .debug_macro   0x0000000000000c72       0x22 ./Core/Src/dma.o
 .debug_macro   0x0000000000000c94       0x8e ./Core/Src/dma.o
 .debug_macro   0x0000000000000d22       0x51 ./Core/Src/dma.o
 .debug_macro   0x0000000000000d73      0x103 ./Core/Src/dma.o
 .debug_macro   0x0000000000000e76       0x6a ./Core/Src/dma.o
 .debug_macro   0x0000000000000ee0      0x1df ./Core/Src/dma.o
 .debug_macro   0x00000000000010bf       0x1c ./Core/Src/dma.o
 .debug_macro   0x00000000000010db       0x22 ./Core/Src/dma.o
 .debug_macro   0x00000000000010fd       0xd9 ./Core/Src/dma.o
 .debug_macro   0x00000000000011d6      0xf07 ./Core/Src/dma.o
 .debug_macro   0x00000000000020dd    0x10be0 ./Core/Src/dma.o
 .debug_macro   0x0000000000012cbd       0x6d ./Core/Src/dma.o
 .debug_macro   0x0000000000012d2a      0x281 ./Core/Src/dma.o
 .debug_macro   0x0000000000012fab      0x24d ./Core/Src/dma.o
 .debug_macro   0x00000000000131f8      0x4c2 ./Core/Src/dma.o
 .debug_macro   0x00000000000136ba       0xe0 ./Core/Src/dma.o
 .debug_macro   0x000000000001379a      0x29f ./Core/Src/dma.o
 .debug_macro   0x0000000000013a39       0xfe ./Core/Src/dma.o
 .debug_macro   0x0000000000013b37       0x28 ./Core/Src/dma.o
 .debug_macro   0x0000000000013b5f       0x30 ./Core/Src/dma.o
 .debug_macro   0x0000000000013b8f       0xa8 ./Core/Src/dma.o
 .debug_macro   0x0000000000013c37      0x2f7 ./Core/Src/dma.o
 .debug_macro   0x0000000000013f2e      0x142 ./Core/Src/dma.o
 .debug_macro   0x0000000000014070       0x22 ./Core/Src/dma.o
 .debug_macro   0x0000000000014092      0x13e ./Core/Src/gpio.o
 .debug_macro   0x00000000000141d0      0x13e ./Core/Src/i2c.o
 .debug_macro   0x000000000001430e      0x15f ./Core/Src/main.o
 .debug_macro   0x000000000001446d       0x10 ./Core/Src/main.o
 .debug_macro   0x000000000001447d      0x13e ./Core/Src/stm32f3xx_it.o
 .debug_macro   0x00000000000145bb       0xbc ./Core/Src/system_stm32f3xx.o
 .debug_macro   0x0000000000014677      0x144 ./Core/Src/usart.o
 .debug_macro   0x00000000000147bb       0xfe ./Drivers/STM32F3xx_HAL_Driver/Src/stm32f3xx_ll_gpio.o
 .debug_macro   0x00000000000148b9      0x13c ./Drivers/STM32F3xx_HAL_Driver/Src/stm32f3xx_ll_gpio.o
 .debug_macro   0x00000000000149f5       0xfe ./Drivers/STM32F3xx_HAL_Driver/Src/stm32f3xx_ll_i2c.o
 .debug_macro   0x0000000000014af3      0x247 ./Drivers/STM32F3xx_HAL_Driver/Src/stm32f3xx_ll_i2c.o
 .debug_macro   0x0000000000014d3a       0xf0 ./Drivers/STM32F3xx_HAL_Driver/Src/stm32f3xx_ll_rcc.o
 .debug_macro   0x0000000000014e2a      0x4bc ./Drivers/STM32F3xx_HAL_Driver/Src/stm32f3xx_ll_rcc.o
 .debug_macro   0x00000000000152e6      0x131 ./Drivers/STM32F3xx_HAL_Driver/Src/stm32f3xx_ll_usart.o
 .debug_macro   0x0000000000015417      0x2f1 ./Drivers/STM32F3xx_HAL_Driver/Src/stm32f3xx_ll_usart.o
 .debug_macro   0x0000000000015708      0x13a ./Drivers/STM32F3xx_HAL_Driver/Src/stm32f3xx_ll_utils.o

.debug_line     0x0000000000000000     0x5f0f
 .debug_line    0x0000000000000000      0x70a ./Core/Src/dma.o
 .debug_line    0x000000000000070a      0x62f ./Core/Src/gpio.o
 .debug_line    0x0000000000000d39      0x9f9 ./Core/Src/i2c.o
 .debug_line    0x0000000000001732      0x907 ./Core/Src/main.o
 .debug_line    0x0000000000002039      0x79f ./Core/Src/stm32f3xx_it.o
 .debug_line    0x00000000000027d8      0x558 ./Core/Src/system_stm32f3xx.o
 .debug_line    0x0000000000002d30      0x876 ./Core/Src/usart.o
 .debug_line    0x00000000000035a6       0x7a ./Core/Startup/startup_stm32f303k8tx.o
 .debug_line    0x0000000000003620      0x7ba ./Drivers/STM32F3xx_HAL_Driver/Src/stm32f3xx_ll_gpio.o
 .debug_line    0x0000000000003dda      0x6c9 ./Drivers/STM32F3xx_HAL_Driver/Src/stm32f3xx_ll_i2c.o
 .debug_line    0x00000000000044a3      0x96f ./Drivers/STM32F3xx_HAL_Driver/Src/stm32f3xx_ll_rcc.o
 .debug_line    0x0000000000004e12      0x76b ./Drivers/STM32F3xx_HAL_Driver/Src/stm32f3xx_ll_usart.o
 .debug_line    0x000000000000557d      0x992 ./Drivers/STM32F3xx_HAL_Driver/Src/stm32f3xx_ll_utils.o

.debug_str      0x0000000000000000    0x71007
 .debug_str     0x0000000000000000    0x6e158 ./Core/Src/dma.o
                                      0x6e3b7 (size before relaxing)
 .debug_str     0x000000000006e158       0x2c ./Core/Src/gpio.o
                                      0x6df43 (size before relaxing)
 .debug_str     0x000000000006e184      0x37a ./Core/Src/i2c.o
                                      0x6e759 (size before relaxing)
 .debug_str     0x000000000006e4fe      0x1f6 ./Core/Src/main.o
                                      0x6e5f4 (size before relaxing)
 .debug_str     0x000000000006e6f4      0x1bf ./Core/Src/stm32f3xx_it.o
                                      0x6e076 (size before relaxing)
 .debug_str     0x000000000006e8b3       0x7b ./Core/Src/system_stm32f3xx.o
                                      0x656e8 (size before relaxing)
 .debug_str     0x000000000006e92e      0x294 ./Core/Src/usart.o
                                      0x6e37a (size before relaxing)
 .debug_str     0x000000000006ebc2       0x34 ./Core/Startup/startup_stm32f303k8tx.o
                                         0x6f (size before relaxing)
 .debug_str     0x000000000006ebf6      0x653 ./Drivers/STM32F3xx_HAL_Driver/Src/stm32f3xx_ll_gpio.o
                                      0x66a1f (size before relaxing)
 .debug_str     0x000000000006f249      0x3e1 ./Drivers/STM32F3xx_HAL_Driver/Src/stm32f3xx_ll_i2c.o
                                      0x6706f (size before relaxing)
 .debug_str     0x000000000006f62a      0x4f2 ./Drivers/STM32F3xx_HAL_Driver/Src/stm32f3xx_ll_rcc.o
                                      0x67e8d (size before relaxing)
 .debug_str     0x000000000006fb1c      0x850 ./Drivers/STM32F3xx_HAL_Driver/Src/stm32f3xx_ll_usart.o
                                      0x6998b (size before relaxing)
 .debug_str     0x000000000007036c      0xc9b ./Drivers/STM32F3xx_HAL_Driver/Src/stm32f3xx_ll_utils.o
                                      0x6a70f (size before relaxing)

.debug_frame    0x0000000000000000     0x1b7c
 .debug_frame   0x0000000000000000       0xec ./Core/Src/dma.o
 .debug_frame   0x00000000000000ec       0x54 ./Core/Src/gpio.o
 .debug_frame   0x0000000000000140      0x3e4 ./Core/Src/i2c.o
 .debug_frame   0x0000000000000524      0x2e0 ./Core/Src/main.o
 .debug_frame   0x0000000000000804      0x1e4 ./Core/Src/stm32f3xx_it.o
 .debug_frame   0x00000000000009e8       0x58 ./Core/Src/system_stm32f3xx.o
 .debug_frame   0x0000000000000a40      0x300 ./Core/Src/usart.o
 .debug_frame   0x0000000000000d40      0x1c0 ./Drivers/STM32F3xx_HAL_Driver/Src/stm32f3xx_ll_gpio.o
 .debug_frame   0x0000000000000f00      0x238 ./Drivers/STM32F3xx_HAL_Driver/Src/stm32f3xx_ll_i2c.o
 .debug_frame   0x0000000000001138      0x408 ./Drivers/STM32F3xx_HAL_Driver/Src/stm32f3xx_ll_rcc.o
 .debug_frame   0x0000000000001540      0x234 ./Drivers/STM32F3xx_HAL_Driver/Src/stm32f3xx_ll_usart.o
 .debug_frame   0x0000000000001774      0x3dc ./Drivers/STM32F3xx_HAL_Driver/Src/stm32f3xx_ll_utils.o
 .debug_frame   0x0000000000001b50       0x2c C:/ST/STM32CubeIDE_1.13.2/STM32CubeIDE/plugins/com.st.stm32cube.ide.mcu.externaltools.gnu-tools-for-stm32.11.3.rel1.win32_1.1.1.202309131626/tools/bin/../lib/gcc/arm-none-eabi/11.3.1/../../../../arm-none-eabi/lib/thumb/v7e-m+fp/hard\libc_nano.a(libc_a-init.o)

.debug_line_str
                0x0000000000000000       0x63
 .debug_line_str
                0x0000000000000000       0x63 ./Core/Startup/startup_stm32f303k8tx.o
                                         0x7b (size before relaxing)
